   R D E K N Q S T H A C Y U V I L P M W F G 
R  ████████████▓▓████░░░░░░░░░░▒▒▒▒░░░░░░░░░░
D  ████████████████▓▓░░░░░░░░░░░░░░░░░░░░░░░░
E  ████████████████▓▓░░░░░░░░▒▒░░░░▒▒▒▒░░░░░░
K  ████████████▓▓██▓▓░░░░  ░░░░▒▒▒▒░░░░    ░░
N  ██████████████████▒▒▒▒░░▒▒▒▒▒▒▒▒▒▒▒▒░░░░▒▒
Q  ██████████████████▒▒▒▒░░▒▒▒▒▒▒▒▒▒▒▒▒░░░░▒▒
S  ▓▓████▓▓████████▓▓▒▒▒▒  ▒▒▒▒▒▒▒▒▒▒▒▒    ▒▒
T  ██████████████████▒▒▒▒  ▒▒▒▒▒▒▒▒▒▒▒▒    ▒▒
H  ██▓▓▓▓▓▓████▓▓████    ▒▒    ░░░░    ▒▒▒▒  
A  ░░░░░░░░▒▒▒▒▒▒▒▒  ████▓▓████████████▓▓▓▓██
C  ░░░░░░░░▒▒▒▒▒▒▒▒  ████▓▓████████████▓▓▓▓██
Y  ░░░░░░  ░░░░    ▒▒▓▓▓▓██▓▓▓▓▓▓▓▓▓▓▓▓████▓▓
U  ░░░░░░░░▒▒▒▒▒▒▒▒  ████▓▓████████████▓▓▓▓██
V  ░░░░▒▒░░▒▒▒▒▒▒▒▒  ████▓▓████████████▓▓▓▓██
I  ▒▒░░░░▒▒▒▒▒▒▒▒▒▒░░████▓▓████████████▓▓▓▓██
L  ▒▒░░░░▒▒▒▒▒▒▒▒▒▒░░████▓▓████████████▓▓▓▓██
P  ░░░░▒▒░░▒▒▒▒▒▒▒▒  ████▓▓████████████▓▓▓▓██
M  ░░░░▒▒░░▒▒▒▒▒▒▒▒  ████▓▓████████████▓▓▓▓██
W  ░░░░░░  ░░░░    ▒▒▓▓▓▓██▓▓▓▓▓▓▓▓▓▓▓▓████▓▓
F  ░░░░░░  ░░░░    ▒▒▓▓▓▓██▓▓▓▓▓▓▓▓▓▓▓▓████▓▓
G  ░░░░░░░░▒▒▒▒▒▒▒▒  ████▓▓████████████▓▓▓▓██
