N1 has charge 0, effectively 0 or 0.
C2 has charge 0, effectively 0 or 0.
C3 has charge 0, effectively 0 or 0 from conjugation of 4 atoms with net charge 0.
O4 has charge 0, effectively 0 or 0 from conjugation of 4 atoms with net charge 0.
O5 has charge 0, effectively 0 or 0 from conjugation of 4 atoms with net charge 0.
C6 has charge 0, effectively 0 or 0.
C7 has charge 0, effectively 0 or 0.
C8 has charge 0, effectively 0 or 0.
N9 has charge 0, effectively 0 or 1 from conjugation of 9 atoms with net charge 1.
C10 has charge 0, effectively 0 or 1 from conjugation of 9 atoms with net charge 1.
N11 has charge 0, effectively 0 or 1 from conjugation of 9 atoms with net charge 1.
N12 has charge 1, effectively 1 or 1 from conjugation of 9 atoms with net charge 1.
H13 has charge 0, effectively 0 or 0.
H14 has charge 0, effectively 0 or 0.
H15 has charge 0, effectively 0 or 0.
H16 has charge 0, effectively 0 or 0.
H17 has charge 0, effectively 0 or 0.
H18 has charge 0, effectively 0 or 0.
H19 has charge 0, effectively 0 or 0.
H20 has charge 0, effectively 0 or 0.
H21 has charge 0, effectively 0 or 0.
H22 has charge 0, effectively 0 or 1 from conjugation of 9 atoms with net charge 1.
H23 has charge 0, effectively 0 or 1 from conjugation of 9 atoms with net charge 1.
H24 has charge 0, effectively 0 or 1 from conjugation of 9 atoms with net charge 1.
H25 has charge 0, effectively 0 or 1 from conjugation of 9 atoms with net charge 1.
H26 has charge 0, effectively 0 or 0 from conjugation of 4 atoms with net charge 0.
H27 has charge 0, effectively 0 or 1 from conjugation of 9 atoms with net charge 1.
N has charge 0, effectively 0 or 0.
HN has charge 0, effectively 0 or 0.
CA has charge 0, effectively 0 or 0.
HA has charge 0, effectively 0 or 0.
CB has charge 0, effectively 0 or 0.
HB1 has charge 0, effectively 0 or 0.
HB2 has charge 0, effectively 0 or 0.
CG has charge 0, effectively 0 or 0.
HG1 has charge 0, effectively 0 or 0.
HG2 has charge 0, effectively 0 or 0.
CD has charge 0, effectively 0 or 0.
HD1 has charge 0, effectively 0 or 0.
HD2 has charge 0, effectively 0 or 0.
NE has charge 0, effectively 0 or 1 from conjugation of 9 atoms with net charge 1.
HE has charge 0, effectively 0 or 1 from conjugation of 9 atoms with net charge 1.
CZ has charge 0, effectively 0 or 1 from conjugation of 9 atoms with net charge 1.
NH1 has charge 0, effectively 0 or 1 from conjugation of 9 atoms with net charge 1.
1HH1 has charge 0, effectively 0 or 1 from conjugation of 9 atoms with net charge 1.
2HH1 has charge 0, effectively 0 or 1 from conjugation of 9 atoms with net charge 1.
NH2 has charge 1, effectively 1 or 1 from conjugation of 9 atoms with net charge 1.
1HH2 has charge 0, effectively 0 or 1 from conjugation of 9 atoms with net charge 1.
2HH2 has charge 0, effectively 0 or 1 from conjugation of 9 atoms with net charge 1.
C has charge 0, effectively 0 or 0 from conjugation of 4 atoms with net charge 0.
O has charge 0, effectively 0 or 0 from conjugation of 4 atoms with net charge 0.
