Point pt is located at 2,-5,3.
Points pt1 and pt2 are 3.4641 Angstroms apart.
Point pt is not in bounding box [pt1, pt2].
Point pt3 is in bounding box [pt1, pt2].
Points pt and pt1 are 90 degrees apart relative to [0,0,0].
Vector v from point pt5 has r=3.55809, theta=60.6047, phi=246.371.
Point pt6 from Vector v is 0 Angstroms from pt5.
